[07-May-2026 09:08:29 America/Mexico_City] PHP Parse error:  syntax error, unexpected token "<<", expecting end of file in C:\xampp\htdocs\mrp-ldr\Controllers\Inv_recepcion.php on line 2
[07-May-2026 09:09:05 America/Mexico_City] PHP Fatal error:  Cannot declare class Inv_recepcionModel, because the name is already in use in C:\xampp\htdocs\mrp-ldr\Models\Inv_recepcionModel.php on line 36
[07-May-2026 09:31:51 America/Mexico_City] PHP Fatal error:  Uncaught Error: Call to a member function setAttribute() on string in C:\xampp\htdocs\mrp-ldr\Libraries\Core\Mysql.php:13
Stack trace:
#0 C:\xampp\htdocs\mrp-ldr\Models\Inv_recepcionModel.php(6): Mysql->__construct()
#1 C:\xampp\htdocs\mrp-ldr\Libraries\Core\Controllers.php(18): Inv_recepcionModel->__construct()
#2 C:\xampp\htdocs\mrp-ldr\Libraries\Core\Controllers.php(8): Controllers->loadModel()
#3 C:\xampp\htdocs\mrp-ldr\Controllers\Inv_recepcion.php(6): Controllers->__construct()
#4 C:\xampp\htdocs\mrp-ldr\Libraries\Core\Load.php(7): Inv_recepcion->__construct()
#5 C:\xampp\htdocs\mrp-ldr\index.php(52): require_once('C:\\xampp\\htdocs...')
#6 {main}
  thrown in C:\xampp\htdocs\mrp-ldr\Libraries\Core\Mysql.php on line 13
[07-May-2026 09:35:43 America/Mexico_City] PHP Parse error:  syntax error, unexpected token "<<", expecting "function" or "const" in C:\xampp\htdocs\mrp-ldr\Models\Inv_inventarioModel.php on line 884
[07-May-2026 09:36:58 America/Mexico_City] PHP Parse error:  syntax error, unexpected token "===", expecting "function" or "const" in C:\xampp\htdocs\mrp-ldr\Models\Inv_inventarioModel.php on line 945
[07-May-2026 09:37:18 America/Mexico_City] PHP Fatal error:  Uncaught Error: Call to undefined method Inv_inventarioModel::selectImpuestos() in C:\xampp\htdocs\mrp-ldr\Controllers\Inv_inventario.php:590
Stack trace:
#0 C:\xampp\htdocs\mrp-ldr\Libraries\Core\Load.php(10): Inv_inventario->getSelectImpuestos('')
#1 C:\xampp\htdocs\mrp-ldr\index.php(52): require_once('C:\\xampp\\htdocs...')
#2 {main}
  thrown in C:\xampp\htdocs\mrp-ldr\Controllers\Inv_inventario.php on line 590
[07-May-2026 09:37:30 America/Mexico_City] PHP Fatal error:  Uncaught Error: Call to undefined method Inv_inventarioModel::selectImpuestos() in C:\xampp\htdocs\mrp-ldr\Controllers\Inv_inventario.php:590
Stack trace:
#0 C:\xampp\htdocs\mrp-ldr\Libraries\Core\Load.php(10): Inv_inventario->getSelectImpuestos('')
#1 C:\xampp\htdocs\mrp-ldr\index.php(52): require_once('C:\\xampp\\htdocs...')
#2 {main}
  thrown in C:\xampp\htdocs\mrp-ldr\Controllers\Inv_inventario.php on line 590
[07-May-2026 09:37:46 America/Mexico_City] PHP Fatal error:  Uncaught Error: Call to undefined method Inv_inventarioModel::selectImpuestos() in C:\xampp\htdocs\mrp-ldr\Controllers\Inv_inventario.php:590
Stack trace:
#0 C:\xampp\htdocs\mrp-ldr\Libraries\Core\Load.php(10): Inv_inventario->getSelectImpuestos('')
#1 C:\xampp\htdocs\mrp-ldr\index.php(52): require_once('C:\\xampp\\htdocs...')
#2 {main}
  thrown in C:\xampp\htdocs\mrp-ldr\Controllers\Inv_inventario.php on line 590
[07-May-2026 09:37:46 America/Mexico_City] PHP Fatal error:  Uncaught Error: Call to undefined method Inv_inventarioModel::selectImpuestos() in C:\xampp\htdocs\mrp-ldr\Controllers\Inv_inventario.php:590
Stack trace:
#0 C:\xampp\htdocs\mrp-ldr\Libraries\Core\Load.php(10): Inv_inventario->getSelectImpuestos('')
#1 C:\xampp\htdocs\mrp-ldr\index.php(52): require_once('C:\\xampp\\htdocs...')
#2 {main}
  thrown in C:\xampp\htdocs\mrp-ldr\Controllers\Inv_inventario.php on line 590
[07-May-2026 09:38:37 America/Mexico_City] PHP Fatal error:  Uncaught Error: Call to undefined method Inv_inventarioModel::selectImpuestos() in C:\xampp\htdocs\mrp-ldr\Controllers\Inv_inventario.php:590
Stack trace:
#0 C:\xampp\htdocs\mrp-ldr\Libraries\Core\Load.php(10): Inv_inventario->getSelectImpuestos('')
#1 C:\xampp\htdocs\mrp-ldr\index.php(52): require_once('C:\\xampp\\htdocs...')
#2 {main}
  thrown in C:\xampp\htdocs\mrp-ldr\Controllers\Inv_inventario.php on line 590
[07-May-2026 09:38:37 America/Mexico_City] PHP Fatal error:  Uncaught Error: Call to undefined method Inv_inventarioModel::selectImpuestos() in C:\xampp\htdocs\mrp-ldr\Controllers\Inv_inventario.php:590
Stack trace:
#0 C:\xampp\htdocs\mrp-ldr\Libraries\Core\Load.php(10): Inv_inventario->getSelectImpuestos('')
#1 C:\xampp\htdocs\mrp-ldr\index.php(52): require_once('C:\\xampp\\htdocs...')
#2 {main}
  thrown in C:\xampp\htdocs\mrp-ldr\Controllers\Inv_inventario.php on line 590
[07-May-2026 09:45:18 America/Mexico_City] PHP Fatal error:  Uncaught Error: Call to undefined method Inv_inventarioModel::insertInventarioImpuesto() in C:\xampp\htdocs\mrp-ldr\Controllers\Inv_inventario.php:124
Stack trace:
#0 C:\xampp\htdocs\mrp-ldr\Libraries\Core\Load.php(10): Inv_inventario->setInventario('')
#1 C:\xampp\htdocs\mrp-ldr\index.php(52): require_once('C:\\xampp\\htdocs...')
#2 {main}
  thrown in C:\xampp\htdocs\mrp-ldr\Controllers\Inv_inventario.php on line 124
[07-May-2026 09:46:02 America/Mexico_City] PHP Fatal error:  Uncaught Error: Call to undefined method Inv_inventarioModel::insertInventarioImpuesto() in C:\xampp\htdocs\mrp-ldr\Controllers\Inv_inventario.php:124
Stack trace:
#0 C:\xampp\htdocs\mrp-ldr\Libraries\Core\Load.php(10): Inv_inventario->setInventario('')
#1 C:\xampp\htdocs\mrp-ldr\index.php(52): require_once('C:\\xampp\\htdocs...')
#2 {main}
  thrown in C:\xampp\htdocs\mrp-ldr\Controllers\Inv_inventario.php on line 124
[07-May-2026 09:47:26 America/Mexico_City] PHP Fatal error:  Uncaught ArgumentCountError: Too few arguments to function Inv_inventarioModel::insertInventarioImpuestoform(), 2 passed in C:\xampp\htdocs\mrp-ldr\Controllers\Inv_inventario.php on line 124 and exactly 3 expected in C:\xampp\htdocs\mrp-ldr\Models\Inv_inventarioModel.php:708
Stack trace:
#0 C:\xampp\htdocs\mrp-ldr\Controllers\Inv_inventario.php(124): Inv_inventarioModel->insertInventarioImpuestoform('3005', 1)
#1 C:\xampp\htdocs\mrp-ldr\Libraries\Core\Load.php(10): Inv_inventario->setInventario('')
#2 C:\xampp\htdocs\mrp-ldr\index.php(52): require_once('C:\\xampp\\htdocs...')
#3 {main}
  thrown in C:\xampp\htdocs\mrp-ldr\Models\Inv_inventarioModel.php on line 708
[07-May-2026 09:47:48 America/Mexico_City] PHP Fatal error:  Uncaught ArgumentCountError: Too few arguments to function Inv_inventarioModel::insertInventarioImpuestoform(), 2 passed in C:\xampp\htdocs\mrp-ldr\Controllers\Inv_inventario.php on line 124 and exactly 3 expected in C:\xampp\htdocs\mrp-ldr\Models\Inv_inventarioModel.php:708
Stack trace:
#0 C:\xampp\htdocs\mrp-ldr\Controllers\Inv_inventario.php(124): Inv_inventarioModel->insertInventarioImpuestoform('3006', 1)
#1 C:\xampp\htdocs\mrp-ldr\Libraries\Core\Load.php(10): Inv_inventario->setInventario('')
#2 C:\xampp\htdocs\mrp-ldr\index.php(52): require_once('C:\\xampp\\htdocs...')
#3 {main}
  thrown in C:\xampp\htdocs\mrp-ldr\Models\Inv_inventarioModel.php on line 708
[07-May-2026 09:49:51 America/Mexico_City] PHP Fatal error:  Uncaught PDOException: SQLSTATE[42S02]: Base table or view not found: 1146 Table 'mrp-3.prv_cat_proveedores' doesn't exist in C:\xampp\htdocs\mrp-ldr\Libraries\Core\Mysql.php:45
Stack trace:
#0 C:\xampp\htdocs\mrp-ldr\Libraries\Core\Mysql.php(45): PDOStatement->execute(Array)
#1 C:\xampp\htdocs\mrp-ldr\Models\Inv_inventarioModel.php(952): Mysql->select_all('SELECT id_prove...')
#2 C:\xampp\htdocs\mrp-ldr\Controllers\Inv_inventario.php(1275): Inv_inventarioModel->selectProveedoresCfg()
#3 C:\xampp\htdocs\mrp-ldr\Libraries\Core\Load.php(10): Inv_inventario->getSelectProveedoresCfg('')
#4 C:\xampp\htdocs\mrp-ldr\index.php(52): require_once('C:\\xampp\\htdocs...')
#5 {main}
  thrown in C:\xampp\htdocs\mrp-ldr\Libraries\Core\Mysql.php on line 45
[07-May-2026 09:49:51 America/Mexico_City] PHP Fatal error:  Uncaught PDOException: SQLSTATE[42S02]: Base table or view not found: 1146 Table 'mrp-3.prv_cat_proveedores' doesn't exist in C:\xampp\htdocs\mrp-ldr\Libraries\Core\Mysql.php:45
Stack trace:
#0 C:\xampp\htdocs\mrp-ldr\Libraries\Core\Mysql.php(45): PDOStatement->execute(Array)
#1 C:\xampp\htdocs\mrp-ldr\Models\Inv_inventarioModel.php(997): Mysql->select_all('SELECT p.id_pro...')
#2 C:\xampp\htdocs\mrp-ldr\Controllers\Inv_inventario.php(1323): Inv_inventarioModel->getProveedoresAsignados(3007)
#3 C:\xampp\htdocs\mrp-ldr\Libraries\Core\Load.php(10): Inv_inventario->getProveedoresAsignados('3007')
#4 C:\xampp\htdocs\mrp-ldr\index.php(52): require_once('C:\\xampp\\htdocs...')
#5 {main}
  thrown in C:\xampp\htdocs\mrp-ldr\Libraries\Core\Mysql.php on line 45
[07-May-2026 10:47:40 America/Mexico_City] PHP Fatal error:  Uncaught Error: Call to a member function setAttribute() on string in C:\xampp\htdocs\mrp-ldr\Libraries\Core\Mysql.php:13
Stack trace:
#0 C:\xampp\htdocs\mrp-ldr\Models\Inv_recepcionModel.php(6): Mysql->__construct()
#1 C:\xampp\htdocs\mrp-ldr\Libraries\Core\Controllers.php(18): Inv_recepcionModel->__construct()
#2 C:\xampp\htdocs\mrp-ldr\Libraries\Core\Controllers.php(8): Controllers->loadModel()
#3 C:\xampp\htdocs\mrp-ldr\Controllers\Inv_recepcion.php(6): Controllers->__construct()
#4 C:\xampp\htdocs\mrp-ldr\Libraries\Core\Load.php(7): Inv_recepcion->__construct()
#5 C:\xampp\htdocs\mrp-ldr\index.php(52): require_once('C:\\xampp\\htdocs...')
#6 {main}
  thrown in C:\xampp\htdocs\mrp-ldr\Libraries\Core\Mysql.php on line 13
[11-May-2026 10:12:40 America/Mexico_City] PHP Fatal error:  Uncaught Error: Call to a member function setAttribute() on string in C:\xampp\htdocs\mrp-ldr\Libraries\Core\Mysql.php:13
Stack trace:
#0 C:\xampp\htdocs\mrp-ldr\Models\Inv_recepcionModel.php(6): Mysql->__construct()
#1 C:\xampp\htdocs\mrp-ldr\Libraries\Core\Controllers.php(18): Inv_recepcionModel->__construct()
#2 C:\xampp\htdocs\mrp-ldr\Libraries\Core\Controllers.php(8): Controllers->loadModel()
#3 C:\xampp\htdocs\mrp-ldr\Controllers\Inv_recepcion.php(6): Controllers->__construct()
#4 C:\xampp\htdocs\mrp-ldr\Libraries\Core\Load.php(7): Inv_recepcion->__construct()
#5 C:\xampp\htdocs\mrp-ldr\index.php(52): require_once('C:\\xampp\\htdocs...')
#6 {main}
  thrown in C:\xampp\htdocs\mrp-ldr\Libraries\Core\Mysql.php on line 13
[12-May-2026 08:12:48 America/Mexico_City] PHP Fatal error:  Uncaught PDOException: SQLSTATE[42S02]: Base table or view not found: 1932 Table 'mrp-2.usuarios' doesn't exist in engine in C:\xampp\htdocs\mrp-ldr\Libraries\Core\Mysql.php:36
Stack trace:
#0 C:\xampp\htdocs\mrp-ldr\Libraries\Core\Mysql.php(36): PDOStatement->execute(Array)
#1 C:\xampp\htdocs\mrp-ldr\Models\LoginModel.php(23): Mysql->select('SELECT idusuari...')
#2 C:\xampp\htdocs\mrp-ldr\Controllers\Login.php(108): LoginModel->loginUser('uriel.cabello@l...', '15e2b0d3c33891e...')
#3 C:\xampp\htdocs\mrp-ldr\Libraries\Core\Load.php(10): Login->loginUser('')
#4 C:\xampp\htdocs\mrp-ldr\index.php(52): require_once('C:\\xampp\\htdocs...')
#5 {main}
  thrown in C:\xampp\htdocs\mrp-ldr\Libraries\Core\Mysql.php on line 36
[12-May-2026 08:13:03 America/Mexico_City] PHP Fatal error:  Uncaught PDOException: SQLSTATE[42S02]: Base table or view not found: 1932 Table 'mrp-2.usuarios' doesn't exist in engine in C:\xampp\htdocs\mrp-ldr\Libraries\Core\Mysql.php:36
Stack trace:
#0 C:\xampp\htdocs\mrp-ldr\Libraries\Core\Mysql.php(36): PDOStatement->execute(Array)
#1 C:\xampp\htdocs\mrp-ldr\Models\LoginModel.php(23): Mysql->select('SELECT idusuari...')
#2 C:\xampp\htdocs\mrp-ldr\Controllers\Login.php(108): LoginModel->loginUser('uriel.cabello@l...', '15e2b0d3c33891e...')
#3 C:\xampp\htdocs\mrp-ldr\Libraries\Core\Load.php(10): Login->loginUser('')
#4 C:\xampp\htdocs\mrp-ldr\index.php(52): require_once('C:\\xampp\\htdocs...')
#5 {main}
  thrown in C:\xampp\htdocs\mrp-ldr\Libraries\Core\Mysql.php on line 36
[12-May-2026 08:13:36 America/Mexico_City] PHP Fatal error:  Uncaught PDOException: SQLSTATE[42S02]: Base table or view not found: 1932 Table 'mrp-2.usuarios' doesn't exist in engine in C:\xampp\htdocs\mrp-ldr\Libraries\Core\Mysql.php:36
Stack trace:
#0 C:\xampp\htdocs\mrp-ldr\Libraries\Core\Mysql.php(36): PDOStatement->execute(Array)
#1 C:\xampp\htdocs\mrp-ldr\Models\LoginModel.php(23): Mysql->select('SELECT idusuari...')
#2 C:\xampp\htdocs\mrp-ldr\Controllers\Login.php(108): LoginModel->loginUser('uriel.cabello@l...', '15e2b0d3c33891e...')
#3 C:\xampp\htdocs\mrp-ldr\Libraries\Core\Load.php(10): Login->loginUser('')
#4 C:\xampp\htdocs\mrp-ldr\index.php(52): require_once('C:\\xampp\\htdocs...')
#5 {main}
  thrown in C:\xampp\htdocs\mrp-ldr\Libraries\Core\Mysql.php on line 36
[12-May-2026 08:13:54 America/Mexico_City] PHP Fatal error:  Uncaught PDOException: SQLSTATE[42S02]: Base table or view not found: 1932 Table 'mrp-2.usuarios' doesn't exist in engine in C:\xampp\htdocs\mrp-ldr\Libraries\Core\Mysql.php:36
Stack trace:
#0 C:\xampp\htdocs\mrp-ldr\Libraries\Core\Mysql.php(36): PDOStatement->execute(Array)
#1 C:\xampp\htdocs\mrp-ldr\Models\LoginModel.php(23): Mysql->select('SELECT idusuari...')
#2 C:\xampp\htdocs\mrp-ldr\Controllers\Login.php(108): LoginModel->loginUser('uriel.cabello@l...', '15e2b0d3c33891e...')
#3 C:\xampp\htdocs\mrp-ldr\Libraries\Core\Load.php(10): Login->loginUser('')
#4 C:\xampp\htdocs\mrp-ldr\index.php(52): require_once('C:\\xampp\\htdocs...')
#5 {main}
  thrown in C:\xampp\htdocs\mrp-ldr\Libraries\Core\Mysql.php on line 36
[12-May-2026 08:43:54 America/Mexico_City] PHP Fatal error:  Uncaught Error: Call to a member function setAttribute() on string in C:\xampp\htdocs\mrp-ldr\Libraries\Core\Mysql.php:13
Stack trace:
#0 C:\xampp\htdocs\mrp-ldr\Models\Inv_inventarioModel.php(7): Mysql->__construct()
#1 C:\xampp\htdocs\mrp-ldr\Libraries\Core\Controllers.php(18): Inv_inventarioModel->__construct()
#2 C:\xampp\htdocs\mrp-ldr\Libraries\Core\Controllers.php(8): Controllers->loadModel()
#3 C:\xampp\htdocs\mrp-ldr\Controllers\Inv_inventario.php(10): Controllers->__construct()
#4 C:\xampp\htdocs\mrp-ldr\Libraries\Core\Load.php(7): Inv_inventario->__construct()
#5 C:\xampp\htdocs\mrp-ldr\index.php(52): require_once('C:\\xampp\\htdocs...')
#6 {main}
  thrown in C:\xampp\htdocs\mrp-ldr\Libraries\Core\Mysql.php on line 13
[12-May-2026 08:44:14 America/Mexico_City] PHP Fatal error:  Uncaught Error: Class "Firebase\JWT\JWT" not found in C:\xampp\htdocs\mrp-ldr\Services\AuthService.php:57
Stack trace:
#0 C:\xampp\htdocs\mrp-ldr\Controllers\Api\V1\AuthController.php(17): AuthService->authenticate()
#1 [internal function]: Controllers\Api\V1\AuthController->login()
#2 C:\xampp\htdocs\mrp-ldr\Libraries\Core\ApiRouter.php(49): call_user_func_array(Array, Array)
#3 C:\xampp\htdocs\mrp-ldr\Libraries\Core\Pipeline.php(17): Libraries\Core\ApiRouter::Libraries\Core\{closure}(Array)
#4 C:\xampp\htdocs\mrp-ldr\Libraries\Core\ApiRouter.php(53): Libraries\Core\Pipeline::process(Array, Array, Object(Closure))
#5 C:\xampp\htdocs\mrp-ldr\index.php(22): Libraries\Core\ApiRouter::dispatch('api/v1/login')
#6 {main}
  thrown in C:\xampp\htdocs\mrp-ldr\Services\AuthService.php on line 57
[12-May-2026 09:08:14 America/Mexico_City] PHP Fatal error:  Uncaught Error: Class "Firebase\JWT\JWT" not found in C:\xampp\htdocs\mrp-ldr\Services\AuthService.php:57
Stack trace:
#0 C:\xampp\htdocs\mrp-ldr\Controllers\Api\V1\AuthController.php(17): AuthService->authenticate()
#1 [internal function]: Controllers\Api\V1\AuthController->login()
#2 C:\xampp\htdocs\mrp-ldr\Libraries\Core\ApiRouter.php(49): call_user_func_array(Array, Array)
#3 C:\xampp\htdocs\mrp-ldr\Libraries\Core\Pipeline.php(17): Libraries\Core\ApiRouter::Libraries\Core\{closure}(Array)
#4 C:\xampp\htdocs\mrp-ldr\Libraries\Core\ApiRouter.php(53): Libraries\Core\Pipeline::process(Array, Array, Object(Closure))
#5 C:\xampp\htdocs\mrp-ldr\index.php(22): Libraries\Core\ApiRouter::dispatch('api/v1/login')
#6 {main}
  thrown in C:\xampp\htdocs\mrp-ldr\Services\AuthService.php on line 57
[18-May-2026 09:12:25 America/Mexico_City] PHP Fatal error:  Uncaught Error: Class "Firebase\JWT\JWT" not found in C:\xampp\htdocs\mrp-ldr\Services\AuthService.php:57
Stack trace:
#0 C:\xampp\htdocs\mrp-ldr\Controllers\Api\V1\AuthController.php(17): AuthService->authenticate()
#1 [internal function]: Controllers\Api\V1\AuthController->login()
#2 C:\xampp\htdocs\mrp-ldr\Libraries\Core\ApiRouter.php(49): call_user_func_array(Array, Array)
#3 C:\xampp\htdocs\mrp-ldr\Libraries\Core\Pipeline.php(17): Libraries\Core\ApiRouter::Libraries\Core\{closure}(Array)
#4 C:\xampp\htdocs\mrp-ldr\Libraries\Core\ApiRouter.php(53): Libraries\Core\Pipeline::process(Array, Array, Object(Closure))
#5 C:\xampp\htdocs\mrp-ldr\index.php(22): Libraries\Core\ApiRouter::dispatch('api/v1/login')
#6 {main}
  thrown in C:\xampp\htdocs\mrp-ldr\Services\AuthService.php on line 57
[01-Jun-2026 11:53:30 America/Mexico_City] PHP Fatal error:  Uncaught Error: Class "Firebase\JWT\JWT" not found in C:\xampp\htdocs\mrp-ldr\Services\AuthService.php:57
Stack trace:
#0 C:\xampp\htdocs\mrp-ldr\Controllers\Api\V1\AuthController.php(17): AuthService->authenticate()
#1 [internal function]: Controllers\Api\V1\AuthController->login()
#2 C:\xampp\htdocs\mrp-ldr\Libraries\Core\ApiRouter.php(49): call_user_func_array(Array, Array)
#3 C:\xampp\htdocs\mrp-ldr\Libraries\Core\Pipeline.php(17): Libraries\Core\ApiRouter::Libraries\Core\{closure}(Array)
#4 C:\xampp\htdocs\mrp-ldr\Libraries\Core\ApiRouter.php(53): Libraries\Core\Pipeline::process(Array, Array, Object(Closure))
#5 C:\xampp\htdocs\mrp-ldr\index.php(22): Libraries\Core\ApiRouter::dispatch('api/v1/login')
#6 {main}
  thrown in C:\xampp\htdocs\mrp-ldr\Services\AuthService.php on line 57
[10-Jun-2026 11:33:02 America/Mexico_City] PHP Fatal error:  Uncaught PDOException: SQLSTATE[HY000]: General error: 1449 The user specified as a definer ('u546825723_mrpuser'@'127.0.0.1') does not exist in C:\xampp\htdocs\mrp-ldr\Libraries\Core\Mysql.php:36
Stack trace:
#0 C:\xampp\htdocs\mrp-ldr\Libraries\Core\Mysql.php(36): PDOStatement->execute(Array)
#1 C:\xampp\htdocs\mrp-ldr\Models\Rpt_mrp_planeacionModel.php(88): Mysql->select('SELECT\r\n       ...')
#2 C:\xampp\htdocs\mrp-ldr\Controllers\Rpt_mrp_planeacion.php(71): Rpt_mrp_planeacionModel->getKpis(Array)
#3 C:\xampp\htdocs\mrp-ldr\Libraries\Core\Load.php(10): Rpt_mrp_planeacion->getKpis('')
#4 C:\xampp\htdocs\mrp-ldr\index.php(52): require_once('C:\\xampp\\htdocs...')
#5 {main}
  thrown in C:\xampp\htdocs\mrp-ldr\Libraries\Core\Mysql.php on line 36
[11-Jun-2026 15:50:03 America/Mexico_City] PHP Fatal error:  Uncaught Error: Class "Firebase\JWT\JWT" not found in C:\xampp\htdocs\mrp-ldr\Services\AuthService.php:57
Stack trace:
#0 C:\xampp\htdocs\mrp-ldr\Controllers\Api\V1\AuthController.php(17): AuthService->authenticate()
#1 [internal function]: Controllers\Api\V1\AuthController->login()
#2 C:\xampp\htdocs\mrp-ldr\Libraries\Core\ApiRouter.php(49): call_user_func_array(Array, Array)
#3 C:\xampp\htdocs\mrp-ldr\Libraries\Core\Pipeline.php(17): Libraries\Core\ApiRouter::Libraries\Core\{closure}(Array)
#4 C:\xampp\htdocs\mrp-ldr\Libraries\Core\ApiRouter.php(53): Libraries\Core\Pipeline::process(Array, Array, Object(Closure))
#5 C:\xampp\htdocs\mrp-ldr\index.php(22): Libraries\Core\ApiRouter::dispatch('api/v1/login')
#6 {main}
  thrown in C:\xampp\htdocs\mrp-ldr\Services\AuthService.php on line 57
[12-Jun-2026 08:18:58 America/Mexico_City] PHP Fatal error:  Uncaught Error: Class "Firebase\JWT\JWT" not found in C:\xampp\htdocs\mrp-ldr\Services\AuthService.php:57
Stack trace:
#0 C:\xampp\htdocs\mrp-ldr\Controllers\Api\V1\AuthController.php(17): AuthService->authenticate()
#1 [internal function]: Controllers\Api\V1\AuthController->login()
#2 C:\xampp\htdocs\mrp-ldr\Libraries\Core\ApiRouter.php(49): call_user_func_array(Array, Array)
#3 C:\xampp\htdocs\mrp-ldr\Libraries\Core\Pipeline.php(17): Libraries\Core\ApiRouter::Libraries\Core\{closure}(Array)
#4 C:\xampp\htdocs\mrp-ldr\Libraries\Core\ApiRouter.php(53): Libraries\Core\Pipeline::process(Array, Array, Object(Closure))
#5 C:\xampp\htdocs\mrp-ldr\index.php(22): Libraries\Core\ApiRouter::dispatch('api/v1/login')
#6 {main}
  thrown in C:\xampp\htdocs\mrp-ldr\Services\AuthService.php on line 57
